// Jest Snapshot v1, https://goo.gl/fbAQLP

exports[`common/Breadcrumb will render and match snapshot 1`] = `
<ul
  class="ss-breadcrumb"
>
  
  
</ul>
`;

exports[`common/Breadcrumb will render the item according to the property data provided 1`] = `
<ul
  class="ss-breadcrumb"
>
  
  <li
    class="ss-breadcrumb--item"
  >
    <button
      class="ss-button ss-button--primary ss-button--sm no-rounded"
    >
      <div
        class="ss-button--wrapper"
      >
        <!--v-if-->
        
        <div
          class="ss-button--label"
        >
          
          Home
          
        </div>
        
      </div>
    </button>
  </li>
  <li
    class="ss-breadcrumb--item"
  >
    <button
      class="ss-button ss-button--primary ss-button--sm no-rounded"
    >
      <div
        class="ss-button--wrapper"
      >
        <!--v-if-->
        
        <div
          class="ss-button--label"
        >
          
          Role
          
        </div>
        
      </div>
    </button>
  </li>
  <li
    class="ss-breadcrumb--item"
  >
    <button
      class="ss-button ss-button--primary-inverse ss-button--sm no-rounded disabled"
      disabled=""
    >
      <div
        class="ss-button--wrapper"
      >
        <!--v-if-->
        
        <div
          class="ss-button--label"
        >
          
          Add Role
          
        </div>
        
      </div>
    </button>
  </li>
  
</ul>
`;
