// Jest Snapshot v1, https://goo.gl/fbAQLP

exports[`common/Breadcrumb will render and match snapshot 1`] = `
<ul
  class="lk-breadcrumb"
>
  
  
</ul>
`;

exports[`common/Breadcrumb will render the item according to the property data provided 1`] = `
<ul
  class="lk-breadcrumb"
>
  
  <li
    class="lk-breadcrumb--item"
  >
    <button
      class="lk-button lk-button--primary lk-button--sm no-rounded"
    >
      <div
        class="lk-button--wrapper"
      >
        <!--v-if-->
        <div
          class="lk-button--label"
        >
          
          Home
          
        </div>
      </div>
    </button>
  </li>
  <li
    class="lk-breadcrumb--item"
  >
    <button
      class="lk-button lk-button--primary lk-button--sm no-rounded"
    >
      <div
        class="lk-button--wrapper"
      >
        <!--v-if-->
        <div
          class="lk-button--label"
        >
          
          Role
          
        </div>
      </div>
    </button>
  </li>
  <li
    class="lk-breadcrumb--item"
  >
    <button
      class="lk-button lk-button--primary-inverse lk-button--sm no-rounded disabled"
      disabled=""
    >
      <div
        class="lk-button--wrapper"
      >
        <!--v-if-->
        <div
          class="lk-button--label"
        >
          
          Add Role
          
        </div>
      </div>
    </button>
  </li>
  
</ul>
`;
