// Jest Snapshot v1, https://goo.gl/fbAQLP

exports[`fragment/Feedback/Header will render and match snapshot 1`] = `
<div class="content-header flex items-center justify-between">
  <div class="flex items-center">
    <div class="title">
      <h2 class="font-bold text-2xl">Feedback Data</h2>
    </div>
  </div>
</div>
`;
